// Jest Snapshot v1, https://goo.gl/fbAQLP

exports[`List renders snapshot 1`] = `undefined`;
