// Jest Snapshot v1, https://goo.gl/fbAQLP

exports[`Images renders snapshot 1`] = `
<div
  class="carousel slide"
>
  <ol
    class="carousel-indicators"
  >
    <li
      class="active"
    />
    <li />
  </ol>
  <div
    class="carousel-inner"
  >
    <div
      class="active carousel-item"
    >
      <img
        alt="First slide"
        class=""
        src="url1"
      />
    </div>
    <div
      class="carousel-item"
    >
      <img
        alt="First slide"
        class=""
        src="url2"
      />
    </div>
  </div>
  <a
    class="carousel-control-prev"
    href="#"
    role="button"
  >
    <span
      aria-hidden="true"
      class="carousel-control-prev-icon"
    />
    <span
      class="sr-only"
    >
      Previous
    </span>
  </a>
  <a
    class="carousel-control-next"
    href="#"
    role="button"
  >
    <span
      aria-hidden="true"
      class="carousel-control-next-icon"
    />
    <span
      class="sr-only"
    >
      Next
    </span>
  </a>
</div>
`;
