// Jest Snapshot v1, https://goo.gl/fbAQLP

exports[`Stats renders all the props 1`] = `null`;
